// Jest Snapshot v1, https://goo.gl/fbAQLP

exports[`ImportMapExternalsPlugin externalizes a module 1`] = `
"import * as __WEBPACK_EXTERNAL_MODULE_single_spa_e1524a87__ from "single-spa";
/******/ var __webpack_modules__ = ({

/***/ "single-spa":
/*!*****************************!*\\
  !*** external "single-spa" ***!
  \\*****************************/
/***/ ((module) => {

module.exports = __WEBPACK_EXTERNAL_MODULE_single_spa_e1524a87__;

/***/ })

/******/ });
/************************************************************************/
/******/ // The module cache
/******/ var __webpack_module_cache__ = {};
/******/ 
/******/ // The require function
/******/ function __webpack_require__(moduleId) {
/******/ 	// Check if module is in cache
/******/ 	var cachedModule = __webpack_module_cache__[moduleId];
/******/ 	if (cachedModule !== undefined) {
/******/ 		return cachedModule.exports;
/******/ 	}
/******/ 	// Create a new module (and put it into the cache)
/******/ 	var module = __webpack_module_cache__[moduleId] = {
/******/ 		// no module.id needed
/******/ 		// no module.loaded needed
/******/ 		exports: {}
/******/ 	};
/******/ 
/******/ 	// Execute the module function
/******/ 	__webpack_modules__[moduleId](module, module.exports, __webpack_require__);
/******/ 
/******/ 	// Return the exports of the module
/******/ 	return module.exports;
/******/ }
/******/ 
/************************************************************************/
/******/ /* webpack/runtime/make namespace object */
/******/ (() => {
/******/ 	// define __esModule on exports
/******/ 	__webpack_require__.r = (exports) => {
/******/ 		if(typeof Symbol !== 'undefined' && Symbol.toStringTag) {
/******/ 			Object.defineProperty(exports, Symbol.toStringTag, { value: 'Module' });
/******/ 		}
/******/ 		Object.defineProperty(exports, '__esModule', { value: true });
/******/ 	};
/******/ })();
/******/ 
/************************************************************************/
var __webpack_exports__ = {};
// This entry need to be wrapped in an IIFE because it need to be isolated against other modules in the chunk.
(() => {
/*!*******************************!*\\
  !*** ./test/fixtures/main.js ***!
  \\*******************************/
__webpack_require__.r(__webpack_exports__);
/* harmony import */ var single_spa__WEBPACK_IMPORTED_MODULE_0__ = __webpack_require__(/*! single-spa */ "single-spa");


(0,single_spa__WEBPACK_IMPORTED_MODULE_0__.registerApplication)({
  name: "app1",
  activeWhen: ["/"],
  app: {
    async bootstrap() {},
    async mount() {},
    async unmount() {},
  },
});

})();

"
`;
